reason: 생성 타임아웃(1500s 상한 초과·재시도 소진 — 생성 미완 kill·무출력)
exit_code: 124 · out_lines: 223 · out_bytes: 25944
---- stderr ----
---- stdout(head 30) ----
# 🩺 "6개월마다 검사받아요"…홍석천 옆에 앉은 질병청 과장

**[프롬프트 설계]**
- 화풍: A 한국웹툰 수채화 — 낙인과 공포를 낮추는 안도의 정서가 이 기사의 중심이라 파스텔 온기가 사건의 결과 맞다
- 분위기: 조곤조곤 설명하는 방의 온도. 중간에 한 번 서늘하게 식었다가 다시 풀리는 결(thumb_dispatch LGT19의 따뜻한 랩광 온도를 전체 키노트로 계승)
- 연출 방향: 뉴스를 안 보는 20~40대 독자가 멈추는 지점은 '무서운 병'이라는 오래된 공포가 공무원의 담담한 설명 앞에서 한 칸 내려앉는 순간이다. 그래서 카메라는 사건을 설명하는 **손**(가르는 손·알약을 얹은 손·번호표를 건네는 손)과 **눈**(초점 잃은 눈 → 정면을 보는 눈)에만 의도를 몰아준다. 겁주는 그림 대신 '문턱이 낮다'는 감각을 시각으로 증명하는 것이 이 덱의 목적이며, 붉은 악센트 한 점이 매 카드 그 시선의 착지점을 잡는다
- 독자 동선: **발단** 카드1→**전개** 카드2~4→**피크** 카드5→**해소** 카드6→**시사점** 카드7 · 훅=카드1 끝(단서형: 부른 주체를 유보)+카드4 끝(예고형: 닿지 않는 자리) · 착지 한 줄 요지 = 빠진 것은 정보도 제도도 아니라 보건소 문을 미는 몇 초였다
- 연속성 앵커: Recurring subject A — a Korean man in his early 50s, short dark hair graying at the temples, slim build, wearing a cream linen shirt / Recurring subject B — a Korean woman in her late 40s, shoulder-length hair tied back, wearing a navy suit jacket and a plain lanyard with no legible text / Recurring place — a small YouTube studio corner with a warm wooden table and a plain fabric backdrop

### [카드 1]
**텍스트**
```text
8월 6일 유튜브 '홍석천의 보석함'
카메라 앞에 정장 차림 공무원이 앉았다
*질병관리청 에이즈관리과장이었다*
그를 부른 건 방송사가 아니었다
```
**이미지 프롬프트**
```text
korean manhwa style watercolor illustration, soft watercolor wash with visible brush texture, warm pastel palette (peach, cream, dusty blue), hand-drawn line work with loose ink contours, emotive character expressions, warm ambient lighting
Scene: Emotional focal point: the woman's open palm caught mid-gesture and the man's attentive lean toward it. Recurring subject B — a Korean woman in her late 40s, shoulder-length hair tied back, wearing a navy suit jacket and a plain lanyard with no legible text — sits upright at a warm wooden table in a small studio corner, speaking with one palm turned up. Recurring subject A — a Korean man in his early 50s, short dark hair graying at the temples, slim build, wearing a cream linen shirt — leans in from the opposite chair with his eyes on her hand. A tripod camera stands at the right edge of the frame on the same studio floor, and the composition leaves open space toward that right edge.
Camera: wide establishing two-shot from a slight high angle, shot on 35mm lens
Lighting/mood: soft wraparound key light, gentle falloff, tender warm intimacy
Accent: muted pastel base with a single saturated color accent, the deep awareness-ribbon red #E4002B on the camera recording light, muted daylight contrast
Text handling: no signage, no readable writing anywhere; papers and the lanyard card are angled away or cropped so nothing can be read; no logos, no institutional emblems.
Aspect ratio: 4:5 vertical portrait, full bleed single image filling the entire frame edge to edge with no inner border, no outer frame, no rectangular outline, no white margin around the image.
MANDATORY: This is ONE single seamless illustration on ONE continuous surface. The entire canvas shows ONE continuous scene without any horizontal division, without any line cutting the image, without any frame inside the frame. The whole image is one unified visual flowing edge to edge.
Composition: ONE continuous surface (the studio floor) extending edge to edge from top to bottom of the frame. The main subject is anchored in the upper-center area on this same surface. No other surface, no transition between two distinct surfaces anywhere in the frame.
NEGATIVE — strictly avoid:
- no comic panel layout, no split panel, no panel division, no horizontal divider line cutting the image, no upper and lower separate scenes, no two stacked frames, no boxed sections, no inset, no second view of the same subject, no duplicate elements
---- stdout(tail 20) ----
korean manhwa style watercolor illustration, soft watercolor wash with visible brush texture, warm pastel palette (peach, cream, dusty blue), hand-drawn line work with loose ink contours, emotive character expressions, warm ambient lighting
Scene: Emotional focal point: both of them looking straight into the lens with steady unwavering eye contact, the gap between their chairs closed. Recurring subject A — a Korean man in his early 50s, short dark hair graying at the temples, slim build, wearing a cream linen shirt — and Recurring subject B — a Korean woman in her late 40s, shoulder-length hair tied back, wearing a navy suit jacket and a plain lanyard with no legible text — sit side by side at the warm wooden table in front of the plain fabric backdrop, mouths calm and faintly smiling. A small red ribbon pin rests on her lapel and the studio around them is quiet and still.
Camera: two-shot wide framing from a front-on angle at eye level, shot on 35mm lens
Lighting/mood: warm soft morning light, gentle and quiet, faint melancholy
Accent: muted pastel base with a single saturated color accent, the deep awareness-ribbon red #E4002B on the ribbon pin, muted daylight contrast
Text handling: no signage, no readable writing anywhere; the lanyard card is blank; no logos, no institutional emblems.
Aspect ratio: 4:5 vertical portrait, full bleed single image filling the entire frame edge to edge with no inner border, no outer frame, no rectangular outline, no white margin around the image.
MANDATORY: This is ONE single seamless illustration on ONE continuous surface. The entire canvas shows ONE continuous scene without any horizontal division, without any line cutting the image, without any frame inside the frame. The whole image is one unified visual flowing edge to edge.
Composition: ONE continuous surface (the plain fabric backdrop wall) extending edge to edge from top to bottom of the frame. The main subject is anchored in the upper-center area on this same surface. No other surface, no transition between two distinct surfaces anywhere in the frame.
NEGATIVE — strictly avoid:
- no comic panel layout, no split panel, no panel division, no horizontal divider line cutting the image, no upper and lower separate scenes, no two stacked frames, no boxed sections, no inset, no second view of the same subject, no duplicate elements
- no letterbox, no black bands at top or bottom, no padding, no empty black areas, no UI overlay, no caption space rendered as a solid color block
- no border, no frame, no panel border, no inner outline, no outer rectangular outline, no white margin around the image, no thick black outline framing the scene, no comic page border, no painted picture frame, no canvas border, no matted edge
- no main subject in the lower portion, no key figure in the bottom area, no face placed in the bottom of the frame, no central focal point in the bottom third
- no long sentences rendered, no paragraphs of text, no full newspaper headlines, no document body text, no long signage text, no English text, no garbled letters, no fake script, no dense text covering the image; minimal Korean text only if essential (a few characters max)
```
**검색어**
```text
레드리본 에이즈 캠페인
```
